2024-09-08 20:52:59,307 [INFO] Initializing SubstrateAPI
2024-09-08 20:52:59,315 [INFO] Initializing SubstrateAPI
2024-09-08 20:52:59,328 [INFO] ../data/archived_votes.json missing... creating file
2024-09-08 20:52:59,328 [INFO] ../data/governance.cache missing... creating file
2024-09-08 20:52:59,328 [INFO] ../data/onchain-votes.json missing... creating file
2024-09-08 20:52:59,329 [INFO] ../data/vote_counts.json missing... creating file
2024-09-08 20:52:59,329 [INFO] logging in using static token
2024-09-08 20:53:00,321 [INFO] Shard ID None has connected to Gateway (Session ID: c3e1ae95898b5a451b54e7c0b27e866c).
2024-09-08 20:53:02,331 [INFO] Starting stopped tasks
2024-09-08 20:53:02,331 [INFO] Task successfully started
2024-09-08 20:53:02,332 [INFO] Checking for new proposals
2024-09-08 20:53:02,332 [INFO] Initializing SubstrateAPI
2024-09-08 20:53:18,889 [INFO] Checking active proposals from polkadot against vote_counts.json to archive threads where the proposal is no longer active
2024-09-08 20:53:25,189 [INFO] No threads to lock
2024-09-08 20:53:25,189 [INFO] 47 new proposal(s) found
2024-09-08 20:53:32,423 [INFO] Getting on-chain data from: https://api.polkassembly.io/api/v1/posts/on-chain-post?postId=1074&proposalType=referendums_v2
2024-09-08 20:53:32,423 [INFO] Creating thread on Discord: #1074 Changes to PAL Security Bounty
2024-09-08 20:53:32,692 [INFO] Thread created: 1282443732670480425
2024-09-08 20:53:36,171 [INFO] Vote results message added instruction message added for 1074
2024-09-08 20:53:59,893 [INFO] Initializing SubstrateAPI
2024-09-08 20:54:10,336 [INFO] Getting on-chain data from: https://api.polkassembly.io/api/v1/posts/on-chain-post?postId=1083&proposalType=referendums_v2
2024-09-08 20:54:10,336 [INFO] Creating thread on Discord: #1083 [Medium Spender] Open-source KYT on Dot #1083
2024-09-08 20:54:10,584 [INFO] Thread created: 1282443891777474570
2024-09-08 20:54:14,412 [INFO] Vote results message added instruction message added for 1083
2024-09-08 20:54:30,977 [INFO] Initializing SubstrateAPI
2024-09-08 20:54:35,647 [INFO] Getting on-chain data from: https://api.polkassembly.io/api/v1/posts/on-chain-post?postId=1085&proposalType=referendums_v2
2024-09-08 20:54:35,647 [INFO] Creating thread on Discord: #1085 The Modern Market Show Headline Sponsorship - 6 Months
2024-09-08 20:54:36,031 [INFO] Thread created: 1282443997767274517
2024-09-08 20:54:40,162 [INFO] Vote results message added instruction message added for 1085
2024-09-08 20:54:53,410 [ERROR] An error occurred while initializing the Substrate connection: (gaierror(-5, 'No address associated with hostname'),)
Traceback (most recent call last):
  File "/usr/local/lib/python3.9/site-packages/websocket/_http.py", line 176, in _get_addrinfo_list
    addrinfo_list = socket.getaddrinfo(
  File "/usr/local/lib/python3.9/socket.py", line 954, in getaddrinfo
    for res in _socket.getaddrinfo(host, port, family, type, proto, flags):
socket.gaierror: [Errno -5] No address associated with hostname

During handling of the above exception, another exception occurred:

Traceback (most recent call last):
  File "/app/bot/utils/subquery.py", line 25, in _connect
    return SubstrateInterface(
  File "/usr/local/lib/python3.9/site-packages/substrateinterface/base.py", line 133, in __init__
    self.connect_websocket()
  File "/usr/local/lib/python3.9/site-packages/substrateinterface/base.py", line 183, in connect_websocket
    self.websocket = create_connection(
  File "/usr/local/lib/python3.9/site-packages/websocket/_core.py", line 646, in create_connection
    websock.connect(url, **options)
  File "/usr/local/lib/python3.9/site-packages/websocket/_core.py", line 256, in connect
    self.sock, addrs = connect(
  File "/usr/local/lib/python3.9/site-packages/websocket/_http.py", line 137, in connect
    addrinfo_list, need_tunnel, auth = _get_addrinfo_list(
  File "/usr/local/lib/python3.9/site-packages/websocket/_http.py", line 191, in _get_addrinfo_list
    raise WebSocketAddressException(e)
websocket._exceptions.WebSocketAddressException: [Errno -5] No address associated with hostname
2024-09-08 20:54:53,413 [ERROR] An error occurred: [Errno -5] No address associated with hostname
Traceback (most recent call last):
  File "/usr/local/lib/python3.9/site-packages/websocket/_http.py", line 176, in _get_addrinfo_list
    addrinfo_list = socket.getaddrinfo(
  File "/usr/local/lib/python3.9/socket.py", line 954, in getaddrinfo
    for res in _socket.getaddrinfo(host, port, family, type, proto, flags):
socket.gaierror: [Errno -5] No address associated with hostname

During handling of the above exception, another exception occurred:

Traceback (most recent call last):
  File "/app/bot/main.py", line 207, in check_governance
    general_info = await discord_format.add_fields_to_embed(general_info_embed, referendum_info[index])
  File "/app/bot/utils/data_processing.py", line 506, in add_fields_to_embed
    valid_address = await self.substrate.check_ss58_address(address=value)
  File "/app/bot/utils/subquery.py", line 112, in check_ss58_address
    substrate = await self._connect(wss=self.config.SUBSTRATE_WSS)
  File "/app/bot/utils/subquery.py", line 25, in _connect
    return SubstrateInterface(
  File "/usr/local/lib/python3.9/site-packages/substrateinterface/base.py", line 133, in __init__
    self.connect_websocket()
  File "/usr/local/lib/python3.9/site-packages/substrateinterface/base.py", line 183, in connect_websocket
    self.websocket = create_connection(
  File "/usr/local/lib/python3.9/site-packages/websocket/_core.py", line 646, in create_connection
    websock.connect(url, **options)
  File "/usr/local/lib/python3.9/site-packages/websocket/_core.py", line 256, in connect
    self.sock, addrs = connect(
  File "/usr/local/lib/python3.9/site-packages/websocket/_http.py", line 137, in connect
    addrinfo_list, need_tunnel, auth = _get_addrinfo_list(
  File "/usr/local/lib/python3.9/site-packages/websocket/_http.py", line 191, in _get_addrinfo_list
    raise WebSocketAddressException(e)
websocket._exceptions.WebSocketAddressException: [Errno -5] No address associated with hostname
2024-09-08 20:54:53,414 [INFO] Getting on-chain data from: https://api.polkassembly.io/api/v1/posts/on-chain-post?postId=1086&proposalType=referendums_v2
2024-09-08 20:54:53,414 [INFO] Creating thread on Discord: #1086 Polkadot Advertising Campaign on Brave Browser - Top-Up Request - PLEASE SEE COMMENT 9/5/24
2024-09-08 20:54:54,161 [INFO] Thread created: 1282444074275835966
2024-09-08 20:54:58,540 [INFO] Vote results message added instruction message added for 1086
2024-09-08 20:55:16,295 [INFO] Initializing SubstrateAPI
2024-09-08 20:55:20,736 [INFO] Getting on-chain data from: https://api.polkassembly.io/api/v1/posts/on-chain-post?postId=1087&proposalType=referendums_v2
2024-09-08 20:55:20,737 [INFO] Creating thread on Discord: #1087 Vote NAY
2024-09-08 20:55:20,960 [INFO] Thread created: 1282444186695630911
2024-09-08 20:55:24,562 [INFO] Vote results message added instruction message added for 1087
2024-09-08 20:55:42,952 [INFO] Initializing SubstrateAPI
2024-09-08 20:55:48,881 [INFO] Getting on-chain data from: https://api.polkassembly.io/api/v1/posts/on-chain-post?postId=1089&proposalType=referendums_v2
2024-09-08 20:55:48,882 [INFO] Creating thread on Discord: #1089 Resubmission of ref#975 Retroactive Funding Proposal: Completed Remarker Development and Future
2024-09-08 20:55:49,341 [INFO] Thread created: 1282444305704685589
2024-09-08 20:55:52,817 [INFO] Vote results message added instruction message added for 1089
2024-09-08 20:56:11,621 [INFO] Initializing SubstrateAPI
2024-09-08 20:56:17,104 [INFO] Getting on-chain data from: https://api.polkassembly.io/api/v1/posts/on-chain-post?postId=1090&proposalType=referendums_v2
2024-09-08 20:56:17,104 [INFO] Creating thread on Discord: #1090 B2B Marketing & Sales Enablement For The Polkadot Ecosystem
2024-09-08 20:56:17,371 [INFO] Thread created: 1282444423489126511
2024-09-08 20:56:20,894 [INFO] Vote results message added instruction message added for 1090
2024-09-08 20:56:39,352 [INFO] Initializing SubstrateAPI
2024-09-08 20:56:43,360 [INFO] Getting on-chain data from: https://api.polkassembly.io/api/v1/posts/on-chain-post?postId=1092&proposalType=referendums_v2
2024-09-08 20:56:43,360 [INFO] Creating thread on Discord: #1092 POLKADOT CHARITY FOUNDATION - Establishment & Inaugural Initiative Launch
2024-09-08 20:56:43,644 [INFO] Thread created: 1282444533543604398
2024-09-08 20:56:47,043 [INFO] Vote results message added instruction message added for 1092
2024-09-08 20:57:06,154 [INFO] Initializing SubstrateAPI
2024-09-08 20:57:11,846 [INFO] Getting on-chain data from: https://api.polkassembly.io/api/v1/posts/on-chain-post?postId=1094&proposalType=referendums_v2
2024-09-08 20:57:11,847 [INFO] Creating thread on Discord: #1094 From Pitch to Market: Enhancing Founder Success with PolkaBiz
2024-09-08 20:57:12,121 [INFO] Thread created: 1282444652871684128
2024-09-08 20:57:17,394 [INFO] Vote results message added instruction message added for 1094
2024-09-08 20:57:35,479 [INFO] Initializing SubstrateAPI
2024-09-08 20:57:40,958 [INFO] Getting on-chain data from: https://api.polkassembly.io/api/v1/posts/on-chain-post?postId=1096&proposalType=referendums_v2
2024-09-08 20:57:40,958 [INFO] Creating thread on Discord: #1096 IN IT FOR THE TECH{NO} - Polkadot Opening Party @Token2049, SIngapore
2024-09-08 20:57:41,190 [INFO] Thread created: 1282444775164743752
2024-09-08 20:57:44,913 [INFO] Vote results message added instruction message added for 1096
2024-09-08 20:58:03,175 [INFO] Initializing SubstrateAPI
2024-09-08 20:58:07,626 [INFO] Getting on-chain data from: https://api.polkassembly.io/api/v1/posts/on-chain-post?postId=1098&proposalType=referendums_v2
2024-09-08 20:58:07,626 [INFO] Creating thread on Discord: #1098 Bounty Cleanup
2024-09-08 20:58:07,854 [INFO] Thread created: 1282444886976757870
2024-09-08 20:58:12,037 [INFO] Vote results message added instruction message added for 1098
2024-09-08 20:58:31,004 [INFO] Initializing SubstrateAPI
2024-09-08 20:58:37,213 [INFO] Getting on-chain data from: https://api.polkassembly.io/api/v1/posts/on-chain-post?postId=1102&proposalType=referendums_v2
2024-09-08 20:58:37,214 [INFO] Creating thread on Discord: #1102 Kheopswap retroactive funding
2024-09-08 20:58:37,495 [INFO] Thread created: 1282445011107057765
2024-09-08 20:58:41,389 [INFO] Vote results message added instruction message added for 1102
2024-09-08 20:58:59,370 [INFO] Initializing SubstrateAPI
2024-09-08 20:59:04,926 [INFO] Getting on-chain data from: https://api.polkassembly.io/api/v1/posts/on-chain-post?postId=1103&proposalType=referendums_v2
2024-09-08 20:59:04,926 [INFO] Creating thread on Discord: #1103 Polkadot-API: Aug 2024 - Jan 2025 development financing
2024-09-08 20:59:05,266 [INFO] Thread created: 1282445127591137402
2024-09-08 20:59:09,003 [INFO] Vote results message added instruction message added for 1103
2024-09-08 20:59:26,285 [INFO] Initializing SubstrateAPI
2024-09-08 20:59:31,077 [INFO] Getting on-chain data from: https://api.polkassembly.io/api/v1/posts/on-chain-post?postId=1104&proposalType=referendums_v2
2024-09-08 20:59:31,077 [INFO] Creating thread on Discord: #1104 Convert Part of DOT Assets to Stablecoins
2024-09-08 20:59:31,363 [INFO] Thread created: 1282445236613812256
2024-09-08 20:59:35,211 [INFO] Vote results message added instruction message added for 1104
2024-09-08 20:59:55,058 [INFO] Initializing SubstrateAPI
2024-09-08 21:00:00,907 [INFO] Getting on-chain data from: https://api.polkassembly.io/api/v1/posts/on-chain-post?postId=1106&proposalType=referendums_v2
2024-09-08 21:00:00,908 [INFO] Creating thread on Discord: #1106 CoinGecko - Polkadot Campaign
2024-09-08 21:00:01,244 [INFO] Thread created: 1282445362191269950
2024-09-08 21:00:05,862 [INFO] Vote results message added instruction message added for 1106
2024-09-08 21:00:25,733 [INFO] Initializing SubstrateAPI
2024-09-08 21:00:32,326 [INFO] Getting on-chain data from: https://api.polkassembly.io/api/v1/posts/on-chain-post?postId=1108&proposalType=referendums_v2
2024-09-08 21:00:32,326 [INFO] Creating thread on Discord: #1108 Wrong Call Data Please Vote NAY
2024-09-08 21:00:32,685 [INFO] Thread created: 1282445494018113651
2024-09-08 21:00:36,366 [INFO] Vote results message added instruction message added for 1108
2024-09-08 21:00:54,956 [INFO] Initializing SubstrateAPI
2024-09-08 21:00:58,976 [INFO] Getting on-chain data from: https://api.polkassembly.io/api/v1/posts/on-chain-post?postId=1109&proposalType=referendums_v2
2024-09-08 21:00:58,977 [INFO] Creating thread on Discord: #1109 Polkadot AI Navigator: Enhancing User Experience with an Intelligent Ecosystem Assistant Propos
2024-09-08 21:00:59,213 [INFO] Thread created: 1282445605695656018
2024-09-08 21:01:03,177 [INFO] Vote results message added instruction message added for 1109
2024-09-08 21:01:23,300 [INFO] Initializing SubstrateAPI
2024-09-08 21:01:29,139 [INFO] Getting on-chain data from: https://api.polkassembly.io/api/v1/posts/on-chain-post?postId=1110&proposalType=referendums_v2
2024-09-08 21:01:29,139 [INFO] Creating thread on Discord: #1110 Connecting the DOTS: Training the Next Generation of Blockchain Security Experts
2024-09-08 21:01:29,397 [INFO] Thread created: 1282445732183412787
2024-09-08 21:01:33,339 [INFO] Vote results message added instruction message added for 1110
2024-09-08 21:01:51,240 [INFO] Initializing SubstrateAPI
2024-09-08 21:01:56,573 [INFO] Getting on-chain data from: https://api.polkassembly.io/api/v1/posts/on-chain-post?postId=1111&proposalType=referendums_v2
2024-09-08 21:01:56,573 [INFO] Creating thread on Discord: #1111 2025 Polkadot Motorsports Program w/ Global Ambassador - Conor Daly
2024-09-08 21:01:57,147 [INFO] Thread created: 1282445848340336791
2024-09-08 21:02:01,006 [INFO] Vote results message added instruction message added for 1111
2024-09-08 21:02:19,204 [INFO] Initializing SubstrateAPI
2024-09-08 21:02:22,938 [INFO] Getting on-chain data from: https://api.polkassembly.io/api/v1/posts/on-chain-post?postId=1113&proposalType=referendums_v2
2024-09-08 21:02:22,938 [INFO] Creating thread on Discord: #1113 "sub0 RESET" @Devcon Bangkok - back to the roots
2024-09-08 21:02:23,199 [INFO] Thread created: 1282445957643898952
2024-09-08 21:02:26,761 [INFO] Vote results message added instruction message added for 1113
2024-09-08 21:02:47,275 [INFO] Initializing SubstrateAPI
2024-09-08 21:02:51,051 [INFO] Getting on-chain data from: https://api.polkassembly.io/api/v1/posts/on-chain-post?postId=1114&proposalType=referendums_v2
2024-09-08 21:02:51,051 [INFO] Creating thread on Discord: #1114 Cyborg Network: Unlocking the Web 2.5 potential of Polkadot with Blockchain powered Edge Comput
2024-09-08 21:02:51,294 [INFO] Thread created: 1282446075646574634
2024-09-08 21:02:54,827 [INFO] Vote results message added instruction message added for 1114
2024-09-08 21:03:13,298 [INFO] Initializing SubstrateAPI
2024-09-08 21:03:19,196 [INFO] Getting on-chain data from: https://api.polkassembly.io/api/v1/posts/on-chain-post?postId=1115&proposalType=referendums_v2
2024-09-08 21:03:19,196 [INFO] Creating thread on Discord: #1115 FiDi | Polkadot’s Code-Free Intelligence
2024-09-08 21:03:19,672 [INFO] Thread created: 1282446194265690223
2024-09-08 21:03:23,592 [INFO] Vote results message added instruction message added for 1115
2024-09-08 21:03:42,138 [INFO] Initializing SubstrateAPI
2024-09-08 21:03:48,772 [INFO] Getting on-chain data from: https://api.polkassembly.io/api/v1/posts/on-chain-post?postId=1116&proposalType=referendums_v2
2024-09-08 21:03:48,772 [INFO] Creating thread on Discord: #1116 Polkadot Virtual Machine (PVM) Formal Specification Development
2024-09-08 21:03:49,127 [INFO] Thread created: 1282446317574029324
2024-09-08 21:03:53,368 [INFO] Vote results message added instruction message added for 1116
2024-09-08 21:04:12,008 [INFO] Initializing SubstrateAPI
2024-09-08 21:04:17,703 [INFO] Getting on-chain data from: https://api.polkassembly.io/api/v1/posts/on-chain-post?postId=1117&proposalType=referendums_v2
2024-09-08 21:04:17,703 [INFO] Creating thread on Discord: #1117 Please vote nay
2024-09-08 21:04:17,894 [INFO] Thread created: 1282446439171227709
2024-09-08 21:04:21,376 [INFO] Vote results message added instruction message added for 1117
2024-09-08 21:04:38,242 [INFO] Initializing SubstrateAPI
2024-09-08 21:04:44,210 [INFO] Getting on-chain data from: https://api.polkassembly.io/api/v1/posts/on-chain-post?postId=1118&proposalType=referendums_v2
2024-09-08 21:04:44,210 [INFO] Creating thread on Discord: #1118 [Retroactive] SubWallet 08 Months Development
2024-09-08 21:04:44,566 [INFO] Thread created: 1282446550475214938
2024-09-08 21:04:48,068 [INFO] Vote results message added instruction message added for 1118
2024-09-08 21:05:06,739 [INFO] Initializing SubstrateAPI
2024-09-08 21:05:12,691 [INFO] Getting on-chain data from: https://api.polkassembly.io/api/v1/posts/on-chain-post?postId=1119&proposalType=referendums_v2
2024-09-08 21:05:12,692 [INFO] Creating thread on Discord: #1119 Coretime Notifications
2024-09-08 21:05:12,952 [INFO] Thread created: 1282446669824397332
2024-09-08 21:05:16,550 [INFO] Vote results message added instruction message added for 1119
2024-09-08 21:05:34,832 [INFO] Initializing SubstrateAPI
2024-09-08 21:05:38,723 [INFO] Getting on-chain data from: https://api.polkassembly.io/api/v1/posts/on-chain-post?postId=1121&proposalType=referendums_v2
2024-09-08 21:05:38,723 [INFO] Creating thread on Discord: #1121 Alternative Proposal on Blockchain AML/CTF Compliance from GlobalLedger.
2024-09-08 21:05:39,008 [INFO] Thread created: 1282446779098595471
2024-09-08 21:05:42,872 [INFO] Vote results message added instruction message added for 1121
2024-09-08 21:06:01,683 [INFO] Initializing SubstrateAPI
2024-09-08 21:06:07,235 [INFO] Getting on-chain data from: https://api.polkassembly.io/api/v1/posts/on-chain-post?postId=1122&proposalType=referendums_v2
2024-09-08 21:06:07,236 [INFO] Creating thread on Discord: #1122 Proposal for the Polkadot Community to Earn RWA Yield on Idle Stablecoins via Centrifuge
2024-09-08 21:06:07,454 [INFO] Thread created: 1282446898267164745
2024-09-08 21:06:11,399 [INFO] Vote results message added instruction message added for 1122
2024-09-08 21:06:29,856 [INFO] Initializing SubstrateAPI
2024-09-08 21:06:36,226 [INFO] Getting on-chain data from: https://api.polkassembly.io/api/v1/posts/on-chain-post?postId=1123&proposalType=referendums_v2
2024-09-08 21:06:36,227 [INFO] Creating thread on Discord: #1123 ink! Alliance for a more successful Plaza
2024-09-08 21:06:36,495 [INFO] Thread created: 1282447019990061157
2024-09-08 21:06:40,012 [INFO] Vote results message added instruction message added for 1123
2024-09-08 21:06:58,858 [INFO] Initializing SubstrateAPI
2024-09-08 21:07:02,848 [INFO] Getting on-chain data from: https://api.polkassembly.io/api/v1/posts/on-chain-post?postId=1125&proposalType=referendums_v2
2024-09-08 21:07:02,848 [INFO] Creating thread on Discord: #1125 Polkadot Blockchain Academy; PBA-X production and launch, Wave 6 production and execution. Sept
2024-09-08 21:07:03,088 [INFO] Thread created: 1282447131671793725
2024-09-08 21:07:06,886 [INFO] Vote results message added instruction message added for 1125
2024-09-08 21:07:25,619 [INFO] Initializing SubstrateAPI
2024-09-08 21:07:31,296 [INFO] Getting on-chain data from: https://api.polkassembly.io/api/v1/posts/on-chain-post?postId=1127&proposalType=referendums_v2
2024-09-08 21:07:31,296 [INFO] Creating thread on Discord: #1127 Snowbridge: Update Bridge Pricing Parameters to Lower Transfer Fees
2024-09-08 21:07:31,499 [INFO] Thread created: 1282447250932371579
2024-09-08 21:07:34,932 [INFO] Vote results message added instruction message added for 1127
2024-09-08 21:07:53,187 [INFO] Initializing SubstrateAPI
2024-09-08 21:07:59,210 [INFO] Getting on-chain data from: https://api.polkassembly.io/api/v1/posts/on-chain-post?postId=1128&proposalType=referendums_v2
2024-09-08 21:07:59,210 [INFO] Creating thread on Discord: #1128 Retroactive Tip to AwesomeDot Team for high quality technical podcasts
2024-09-08 21:07:59,485 [INFO] Thread created: 1282447367995392201
2024-09-08 21:08:03,431 [INFO] Vote results message added instruction message added for 1128
2024-09-08 21:08:21,755 [INFO] Initializing SubstrateAPI
2024-09-08 21:08:25,646 [INFO] Getting on-chain data from: https://api.polkassembly.io/api/v1/posts/on-chain-post?postId=1129&proposalType=referendums_v2
2024-09-08 21:08:25,646 [INFO] Creating thread on Discord: #1129 [Whitelisted Caller] Increase validator set size to 400
2024-09-08 21:08:25,891 [INFO] Thread created: 1282447479211819162
2024-09-08 21:08:29,650 [INFO] Vote results message added instruction message added for 1129
2024-09-08 21:08:48,739 [INFO] Initializing SubstrateAPI
2024-09-08 21:08:54,549 [INFO] Getting on-chain data from: https://api.polkassembly.io/api/v1/posts/on-chain-post?postId=1130&proposalType=referendums_v2
2024-09-08 21:08:54,549 [INFO] Creating thread on Discord: #1130 WagMedia - Collective Content Creation for 52 Weeks
2024-09-08 21:08:54,793 [INFO] Thread created: 1282447600385003595
2024-09-08 21:08:58,520 [INFO] Vote results message added instruction message added for 1130
2024-09-08 21:09:16,584 [INFO] Initializing SubstrateAPI
2024-09-08 21:09:22,293 [INFO] Getting on-chain data from: https://api.polkassembly.io/api/v1/posts/on-chain-post?postId=1132&proposalType=referendums_v2
2024-09-08 21:09:22,294 [INFO] Creating thread on Discord: #1132 Polkawatch, Decentralization Analytics, Retroactive Infrastructure and Maintenance Q1-Q3 2024
2024-09-08 21:09:22,514 [INFO] Thread created: 1282447716743643288
2024-09-08 21:09:26,109 [INFO] Vote results message added instruction message added for 1132
2024-09-08 21:09:44,947 [INFO] Initializing SubstrateAPI
2024-09-08 21:09:49,457 [ERROR] No value: None
NoneType: None
2024-09-08 21:09:49,457 [INFO] Creating thread on Discord: #1133 None
2024-09-08 21:09:49,749 [INFO] Thread created: 1282447830874591405
2024-09-08 21:09:53,744 [INFO] Vote results message added instruction message added for 1133
2024-09-08 21:10:11,720 [INFO] Initializing SubstrateAPI
2024-09-08 21:10:17,667 [INFO] Getting on-chain data from: https://api.polkassembly.io/api/v1/posts/on-chain-post?postId=1135&proposalType=referendums_v2
2024-09-08 21:10:17,668 [INFO] Creating thread on Discord: #1135 EasyA x Polkadot - Developer Growth via In-Person Hackathons and Crash Courses (#180DaysOfPolka
2024-09-08 21:10:17,921 [INFO] Thread created: 1282447948793516093
2024-09-08 21:10:22,555 [INFO] Vote results message added instruction message added for 1135
2024-09-08 21:10:44,855 [INFO] Initializing SubstrateAPI
2024-09-08 21:10:50,717 [INFO] Getting on-chain data from: https://api.polkassembly.io/api/v1/posts/on-chain-post?postId=1136&proposalType=referendums_v2
2024-09-08 21:10:50,718 [INFO] Creating thread on Discord: #1136 Bitskwela - Expanding Polkadot to the Thriving Philippine Web 3.0 Community
2024-09-08 21:10:51,019 [INFO] Thread created: 1282448087746478181
2024-09-08 21:10:54,710 [INFO] Vote results message added instruction message added for 1136
2024-09-08 21:11:12,822 [INFO] Initializing SubstrateAPI
2024-09-08 21:11:16,592 [INFO] Getting on-chain data from: https://api.polkassembly.io/api/v1/posts/on-chain-post?postId=1137&proposalType=referendums_v2
2024-09-08 21:11:16,592 [INFO] Creating thread on Discord: #1137 Polkadot's Economics Parameters: Proposal 1 (10% constant total inflation)
2024-09-08 21:11:16,862 [INFO] Thread created: 1282448196202922076
2024-09-08 21:11:20,517 [INFO] Vote results message added instruction message added for 1137
2024-09-08 21:11:38,976 [INFO] Initializing SubstrateAPI
2024-09-08 21:11:45,494 [INFO] Getting on-chain data from: https://api.polkassembly.io/api/v1/posts/on-chain-post?postId=1138&proposalType=referendums_v2
2024-09-08 21:11:45,494 [INFO] Creating thread on Discord: #1138 Polkadot's Economics Parameters: Proposal 2 (8% constant total inflation)
2024-09-08 21:11:45,771 [INFO] Thread created: 1282448317116186625
2024-09-08 21:11:49,207 [INFO] Vote results message added instruction message added for 1138
2024-09-08 21:12:07,417 [INFO] Initializing SubstrateAPI
2024-09-08 21:12:11,146 [INFO] Getting on-chain data from: https://api.polkassembly.io/api/v1/posts/on-chain-post?postId=1139&proposalType=referendums_v2
2024-09-08 21:12:11,146 [INFO] Creating thread on Discord: #1139 Polkadot's Economics Parameters: Proposal 3 (8% total inflation in the first year, then gradual
2024-09-08 21:12:11,427 [INFO] Thread created: 1282448424909803583
2024-09-08 21:12:14,989 [INFO] Vote results message added instruction message added for 1139
2024-09-08 21:12:35,085 [INFO] Initializing SubstrateAPI
2024-09-08 21:12:38,741 [INFO] Getting on-chain data from: https://api.polkassembly.io/api/v1/posts/on-chain-post?postId=1140&proposalType=referendums_v2
2024-09-08 21:12:38,741 [INFO] Creating thread on Discord: #1140 Staking Rewards Partnership - Stake App & Terminal Integration
2024-09-08 21:12:39,085 [INFO] Thread created: 1282448540806811842
2024-09-08 21:12:42,735 [INFO] Vote results message added instruction message added for 1140
2024-09-08 21:12:58,765 [INFO] Initializing SubstrateAPI
2024-09-08 21:13:04,261 [INFO] Getting on-chain data from: https://api.polkassembly.io/api/v1/posts/on-chain-post?postId=1141&proposalType=referendums_v2
2024-09-08 21:13:04,262 [INFO] Creating thread on Discord: #1141 Growing the Music Vertical on Polkadot: Onboarding Billfold
2024-09-08 21:13:04,859 [INFO] Thread created: 1282448647929331830
2024-09-08 21:13:08,682 [INFO] Vote results message added instruction message added for 1141
2024-09-08 21:13:28,513 [INFO] Initializing SubstrateAPI
2024-09-08 21:13:32,964 [INFO] Getting on-chain data from: https://api.polkassembly.io/api/v1/posts/on-chain-post?postId=1142&proposalType=referendums_v2
2024-09-08 21:13:32,964 [INFO] Creating thread on Discord: #1142 Duplicate - vote NAY
2024-09-08 21:13:33,396 [INFO] Thread created: 1282448768389742685
2024-09-08 21:13:38,928 [INFO] Vote results message added instruction message added for 1142
2024-09-08 21:13:55,406 [INFO] Initializing SubstrateAPI
2024-09-08 21:13:59,719 [INFO] Getting on-chain data from: https://api.polkassembly.io/api/v1/posts/on-chain-post?postId=1143&proposalType=referendums_v2
2024-09-08 21:13:59,719 [INFO] Creating thread on Discord: #1143 [Whitelisted Caller] Upgrade Polkadot to v1.3.x (transition to Agile Coretime)
2024-09-08 21:13:59,960 [INFO] Thread created: 1282448880327327837
2024-09-08 21:14:03,974 [INFO] Vote results message added instruction message added for 1143
2024-09-08 21:14:24,100 [INFO] Initializing SubstrateAPI
2024-09-08 21:14:31,582 [INFO] Getting on-chain data from: https://api.polkassembly.io/api/v1/posts/on-chain-post?postId=1144&proposalType=referendums_v2
2024-09-08 21:14:31,582 [INFO] Creating thread on Discord: #1144 Fellowship: Retain bkchr at rank 6
2024-09-08 21:14:31,808 [INFO] Thread created: 1282449014020903014
2024-09-08 21:14:35,497 [INFO] Vote results message added instruction message added for 1144
2024-09-08 21:14:55,087 [INFO] Initializing SubstrateAPI
2024-09-08 21:15:02,115 [INFO] Getting on-chain data from: https://api.polkassembly.io/api/v1/posts/on-chain-post?postId=1145&proposalType=referendums_v2
2024-09-08 21:15:02,115 [INFO] Creating thread on Discord: #1145 Test
2024-09-08 21:15:02,333 [INFO] Thread created: 1282449142047703050
2024-09-08 21:15:06,034 [INFO] Vote results message added instruction message added for 1145
2024-09-08 21:15:23,989 [INFO] Initializing SubstrateAPI
2024-09-08 21:15:28,837 [INFO] Starting stopped tasks
2024-09-08 21:15:28,837 [INFO] Task successfully started
2024-09-08 21:15:28,837 [INFO] Starting stopped tasks
2024-09-08 21:15:28,837 [INFO] Task successfully started
2024-09-08 21:15:28,837 [INFO] Starting stopped tasks
2024-09-08 21:15:28,837 [INFO] Task successfully started
2024-09-08 21:15:28,841 [INFO] Stopping tasks
2024-09-08 21:15:28,842 [INFO] recheck_proposals task is running
2024-09-08 21:15:28,842 [INFO] Task successfully stopped
2024-09-08 21:15:28,842 [INFO] Stopping tasks
2024-09-08 21:15:28,843 [INFO] Task successfully stopped
2024-09-08 21:15:28,847 [INFO] autonomous_voting task is running
2024-09-08 21:15:37,447 [INFO] Checking Discord vote results for: 1074
2024-09-08 21:15:37,447 [INFO] Result: Vote period has ended.
2024-09-08 21:15:46,029 [INFO] Checking Discord vote results for: 1083
2024-09-08 21:15:46,029 [WARNING] Participation too low, defaulting to Abstain
2024-09-08 21:15:46,031 [INFO] Result: abstain
2024-09-08 21:15:56,939 [INFO] Checking Discord vote results for: 1085
2024-09-08 21:15:56,939 [WARNING] Participation too low, defaulting to Abstain
2024-09-08 21:15:56,939 [INFO] Result: abstain
2024-09-08 21:16:07,919 [INFO] Checking Discord vote results for: 1086
2024-09-08 21:16:07,919 [WARNING] Participation too low, defaulting to Abstain
2024-09-08 21:16:07,921 [INFO] Result: abstain
2024-09-08 21:16:16,807 [INFO] Checking Discord vote results for: 1087
2024-09-08 21:16:16,808 [WARNING] Participation too low, defaulting to Abstain
2024-09-08 21:16:16,808 [INFO] Result: abstain
2024-09-08 21:16:27,545 [INFO] Checking Discord vote results for: 1089
2024-09-08 21:16:27,545 [WARNING] Participation too low, defaulting to Abstain
2024-09-08 21:16:27,545 [INFO] Result: abstain
2024-09-08 21:16:36,405 [INFO] Checking Discord vote results for: 1090
2024-09-08 21:16:36,405 [WARNING] Participation too low, defaulting to Abstain
2024-09-08 21:16:36,405 [INFO] Result: abstain
2024-09-08 21:16:45,850 [ERROR] An error occurred while initializing the Substrate connection: (gaierror(-5, 'No address associated with hostname'),)
Traceback (most recent call last):
  File "/usr/local/lib/python3.9/site-packages/websocket/_http.py", line 176, in _get_addrinfo_list
    addrinfo_list = socket.getaddrinfo(
  File "/usr/local/lib/python3.9/socket.py", line 954, in getaddrinfo
    for res in _socket.getaddrinfo(host, port, family, type, proto, flags):
socket.gaierror: [Errno -5] No address associated with hostname

During handling of the above exception, another exception occurred:

Traceback (most recent call last):
  File "/app/bot/utils/subquery.py", line 25, in _connect
    return SubstrateInterface(
  File "/usr/local/lib/python3.9/site-packages/substrateinterface/base.py", line 133, in __init__
    self.connect_websocket()
  File "/usr/local/lib/python3.9/site-packages/substrateinterface/base.py", line 183, in connect_websocket
    self.websocket = create_connection(
  File "/usr/local/lib/python3.9/site-packages/websocket/_core.py", line 646, in create_connection
    websock.connect(url, **options)
  File "/usr/local/lib/python3.9/site-packages/websocket/_core.py", line 256, in connect
    self.sock, addrs = connect(
  File "/usr/local/lib/python3.9/site-packages/websocket/_http.py", line 137, in connect
    addrinfo_list, need_tunnel, auth = _get_addrinfo_list(
  File "/usr/local/lib/python3.9/site-packages/websocket/_http.py", line 191, in _get_addrinfo_list
    raise WebSocketAddressException(e)
websocket._exceptions.WebSocketAddressException: [Errno -5] No address associated with hostname
2024-09-08 21:16:45,850 [ERROR] An unexpected error occurred: [Errno -5] No address associated with hostname
Traceback (most recent call last):
  File "/usr/local/lib/python3.9/site-packages/websocket/_http.py", line 176, in _get_addrinfo_list
    addrinfo_list = socket.getaddrinfo(
  File "/usr/local/lib/python3.9/socket.py", line 954, in getaddrinfo
    for res in _socket.getaddrinfo(host, port, family, type, proto, flags):
socket.gaierror: [Errno -5] No address associated with hostname

During handling of the above exception, another exception occurred:

Traceback (most recent call last):
  File "/app/bot/main.py", line 397, in autonomous_voting
    proposal_block_epoch = await substrate.get_block_epoch(block_number=proposal_block_submitted)
  File "/app/bot/utils/subquery.py", line 413, in get_block_epoch
    substrate = await self._connect(wss=self.config.SUBSTRATE_WSS)
  File "/app/bot/utils/subquery.py", line 25, in _connect
    return SubstrateInterface(
  File "/usr/local/lib/python3.9/site-packages/substrateinterface/base.py", line 133, in __init__
    self.connect_websocket()
  File "/usr/local/lib/python3.9/site-packages/substrateinterface/base.py", line 183, in connect_websocket
    self.websocket = create_connection(
  File "/usr/local/lib/python3.9/site-packages/websocket/_core.py", line 646, in create_connection
    websock.connect(url, **options)
  File "/usr/local/lib/python3.9/site-packages/websocket/_core.py", line 256, in connect
    self.sock, addrs = connect(
  File "/usr/local/lib/python3.9/site-packages/websocket/_http.py", line 137, in connect
    addrinfo_list, need_tunnel, auth = _get_addrinfo_list(
  File "/usr/local/lib/python3.9/site-packages/websocket/_http.py", line 191, in _get_addrinfo_list
    raise WebSocketAddressException(e)
websocket._exceptions.WebSocketAddressException: [Errno -5] No address associated with hostname
2024-09-08 21:16:45,851 [INFO] Starting stopped tasks
2024-09-08 21:16:45,851 [INFO] Task successfully started
2024-09-08 21:16:45,851 [INFO] Starting stopped tasks
2024-09-08 21:16:45,851 [INFO] Task successfully started
2024-09-08 21:16:45,851 [ERROR] Unhandled exception in internal background task 'autonomous_voting'.
Traceback (most recent call last):
  File "/usr/local/lib/python3.9/site-packages/websocket/_http.py", line 176, in _get_addrinfo_list
    addrinfo_list = socket.getaddrinfo(
  File "/usr/local/lib/python3.9/socket.py", line 954, in getaddrinfo
    for res in _socket.getaddrinfo(host, port, family, type, proto, flags):
socket.gaierror: [Errno -5] No address associated with hostname

During handling of the above exception, another exception occurred:

Traceback (most recent call last):
  File "/usr/local/lib/python3.9/site-packages/discord/ext/tasks/__init__.py", line 239, in _loop
    await self.coro(*args, **kwargs)
  File "/app/bot/main.py", line 575, in autonomous_voting
    raise error
  File "/app/bot/main.py", line 397, in autonomous_voting
    proposal_block_epoch = await substrate.get_block_epoch(block_number=proposal_block_submitted)
  File "/app/bot/utils/subquery.py", line 413, in get_block_epoch
    substrate = await self._connect(wss=self.config.SUBSTRATE_WSS)
  File "/app/bot/utils/subquery.py", line 25, in _connect
    return SubstrateInterface(
  File "/usr/local/lib/python3.9/site-packages/substrateinterface/base.py", line 133, in __init__
    self.connect_websocket()
  File "/usr/local/lib/python3.9/site-packages/substrateinterface/base.py", line 183, in connect_websocket
    self.websocket = create_connection(
  File "/usr/local/lib/python3.9/site-packages/websocket/_core.py", line 646, in create_connection
    websock.connect(url, **options)
  File "/usr/local/lib/python3.9/site-packages/websocket/_core.py", line 256, in connect
    self.sock, addrs = connect(
  File "/usr/local/lib/python3.9/site-packages/websocket/_http.py", line 137, in connect
    addrinfo_list, need_tunnel, auth = _get_addrinfo_list(
  File "/usr/local/lib/python3.9/site-packages/websocket/_http.py", line 191, in _get_addrinfo_list
    raise WebSocketAddressException(e)
websocket._exceptions.WebSocketAddressException: [Errno -5] No address associated with hostname
2024-09-08 21:16:45,852 [INFO] recheck_proposals task is running
2024-09-08 21:16:45,854 [INFO] Initializing SubstrateAPI
2024-09-08 21:16:54,201 [INFO] Synchronizing embeds
2024-09-08 21:16:54,201 [INFO] 47 threads to synchronize
2024-09-08 21:16:54,201 [INFO] Synchronizing 1145: Test
2024-09-08 21:17:11,194 [INFO] Successfully synchronized 1145: Test
2024-09-08 21:17:13,695 [INFO] Synchronizing 1144: Fellowship: Retain bkchr at rank 6
2024-09-08 21:17:32,199 [INFO] Successfully synchronized 1144: Fellowship: Retain bkchr at rank 6
2024-09-08 21:17:34,700 [INFO] Synchronizing 1143: [Whitelisted Caller] Upgrade Polkadot to v1.3.x (transition to Agile Coretime)
2024-09-08 21:17:52,419 [INFO] Successfully synchronized 1143: [Whitelisted Caller] Upgrade Polkadot to v1.3.x (transition to Agile Coretime)
2024-09-08 21:17:54,921 [INFO] Synchronizing 1142: Duplicate - vote NAY
2024-09-08 21:18:10,879 [INFO] recheck_proposals complete
2024-09-08 21:18:11,026 [INFO] Successfully synchronized 1142: Duplicate - vote NAY
2024-09-08 21:18:13,529 [INFO] Synchronizing 1141: Growing the Music Vertical on Polkadot: Onboarding Billfold
2024-09-08 21:18:32,332 [INFO] Successfully synchronized 1141: Growing the Music Vertical on Polkadot: Onboarding Billfold
2024-09-08 21:18:34,835 [INFO] Synchronizing 1140: Staking Rewards Partnership - Stake App & Terminal Integration
2024-09-08 21:18:54,962 [INFO] Successfully synchronized 1140: Staking Rewards Partnership - Stake App & Terminal Integration
2024-09-08 21:18:57,465 [INFO] Synchronizing 1139: Polkadot's Economics Parameters: Proposal 3 (8% total inflation in the first year, the...
2024-09-08 21:19:15,562 [INFO] Successfully synchronized 1139: Polkadot's Economics Parameters: Proposal 3 (8% total inflation in the first year, the...
2024-09-08 21:19:18,065 [INFO] Synchronizing 1138: Polkadot's Economics Parameters: Proposal 2 (8% constant total inflation)
2024-09-08 21:19:35,895 [INFO] Successfully synchronized 1138: Polkadot's Economics Parameters: Proposal 2 (8% constant total inflation)
2024-09-08 21:19:38,399 [INFO] Synchronizing 1137: Polkadot's Economics Parameters: Proposal 1 (10% constant total inflation)
2024-09-08 21:19:56,927 [INFO] Successfully synchronized 1137: Polkadot's Economics Parameters: Proposal 1 (10% constant total inflation)
2024-09-08 21:19:59,429 [INFO] Synchronizing 1136: Bitskwela - Expanding Polkadot to the Thriving Philippine Web 3.0 Community
2024-09-08 21:20:16,423 [INFO] Successfully synchronized 1136: Bitskwela - Expanding Polkadot to the Thriving Philippine Web 3.0 Community
2024-09-08 21:20:18,926 [INFO] Synchronizing 1135: EasyA x Polkadot - Developer Growth via In-Person Hackathons and Crash Courses (#180Da...
2024-09-08 21:20:36,055 [INFO] Successfully synchronized 1135: EasyA x Polkadot - Developer Growth via In-Person Hackathons and Crash Courses (#180Da...
2024-09-08 21:20:38,558 [INFO] Synchronizing 1133: None
2024-09-08 21:20:54,352 [INFO] Successfully synchronized 1133: None
2024-09-08 21:20:56,855 [INFO] Synchronizing 1132: Polkawatch, Decentralization Analytics, Retroactive Infrastructure and Maintenance Q1-...
2024-09-08 21:21:14,113 [INFO] Successfully synchronized 1132: Polkawatch, Decentralization Analytics, Retroactive Infrastructure and Maintenance Q1-...
2024-09-08 21:21:16,616 [INFO] Synchronizing 1130: WagMedia - Collective Content Creation for 52 Weeks
2024-09-08 21:21:33,846 [INFO] Successfully synchronized 1130: WagMedia - Collective Content Creation for 52 Weeks
2024-09-08 21:21:36,347 [INFO] Synchronizing 1129: [Whitelisted Caller] Increase validator set size to 400
2024-09-08 21:21:54,257 [INFO] Successfully synchronized 1129: [Whitelisted Caller] Increase validator set size to 400
2024-09-08 21:21:56,760 [INFO] Synchronizing 1128: Retroactive Tip to AwesomeDot Team for high quality technical podcasts
2024-09-08 21:22:14,293 [INFO] Checking if preimage has been stored on-chain
2024-09-08 21:22:14,298 [INFO] Initializing SubstrateAPI
2024-09-08 21:22:19,353 [WARNING] Preimage is still missing
2024-09-08 21:22:19,354 [INFO] Successfully synchronized 1128: Retroactive Tip to AwesomeDot Team for high quality technical podcasts
2024-09-08 21:22:21,857 [INFO] Synchronizing 1127: Snowbridge: Update Bridge Pricing Parameters to Lower Transfer Fees
2024-09-08 21:22:39,184 [INFO] Successfully synchronized 1127: Snowbridge: Update Bridge Pricing Parameters to Lower Transfer Fees
2024-09-08 21:22:41,687 [INFO] Synchronizing 1125: Polkadot Blockchain Academy; PBA-X production and launch, Wave 6 production and execut...
2024-09-08 21:22:59,296 [INFO] Successfully synchronized 1125: Polkadot Blockchain Academy; PBA-X production and launch, Wave 6 production and execut...
2024-09-08 21:23:01,800 [INFO] Synchronizing 1123: ink! Alliance for a more successful Plaza
2024-09-08 21:23:24,515 [INFO] Successfully synchronized 1123: ink! Alliance for a more successful Plaza
2024-09-08 21:23:27,018 [INFO] Synchronizing 1122: Proposal for the Polkadot Community to Earn RWA Yield on Idle Stablecoins via Centrifuge
2024-09-08 21:23:44,768 [INFO] Successfully synchronized 1122: Proposal for the Polkadot Community to Earn RWA Yield on Idle Stablecoins via Centrifuge
2024-09-08 21:23:47,270 [INFO] Synchronizing 1121: Alternative Proposal on Blockchain AML/CTF Compliance from GlobalLedger.
2024-09-08 21:24:05,226 [INFO] Successfully synchronized 1121: Alternative Proposal on Blockchain AML/CTF Compliance from GlobalLedger.
2024-09-08 21:24:07,729 [INFO] Synchronizing 1119: Coretime Notifications
2024-09-08 21:24:27,119 [INFO] Successfully synchronized 1119: Coretime Notifications
2024-09-08 21:24:29,622 [INFO] Synchronizing 1118: [Retroactive] SubWallet 08 Months Development
2024-09-08 21:24:47,700 [INFO] Successfully synchronized 1118: [Retroactive] SubWallet 08 Months Development
2024-09-08 21:24:50,203 [INFO] Synchronizing 1117: Please vote nay
2024-09-08 21:25:07,017 [INFO] Checking if preimage has been stored on-chain
2024-09-08 21:25:07,022 [INFO] Initializing SubstrateAPI
2024-09-08 21:25:12,085 [WARNING] Preimage is still missing
2024-09-08 21:25:12,085 [INFO] Successfully synchronized 1117: Please vote nay
2024-09-08 21:25:14,588 [INFO] Synchronizing 1116: Polkadot Virtual Machine (PVM) Formal Specification Development
2024-09-08 21:25:33,733 [INFO] Successfully synchronized 1116: Polkadot Virtual Machine (PVM) Formal Specification Development
2024-09-08 21:25:36,234 [INFO] Synchronizing 1115: FiDi | Polkadot’s Code-Free Intelligence
2024-09-08 21:25:54,984 [INFO] Successfully synchronized 1115: FiDi | Polkadot’s Code-Free Intelligence
2024-09-08 21:25:57,488 [INFO] Synchronizing 1114: Cyborg Network: Unlocking the Web 2.5 potential of Polkadot with Blockchain powered Ed...
2024-09-08 21:26:16,005 [INFO] Successfully synchronized 1114: Cyborg Network: Unlocking the Web 2.5 potential of Polkadot with Blockchain powered Ed...
2024-09-08 21:26:18,507 [INFO] Synchronizing 1113: "sub0 RESET" @Devcon Bangkok - back to the roots
2024-09-08 21:26:37,503 [INFO] Successfully synchronized 1113: "sub0 RESET" @Devcon Bangkok - back to the roots
2024-09-08 21:26:40,006 [INFO] Synchronizing 1111: 2025 Polkadot Motorsports Program w/ Global Ambassador - Conor Daly
2024-09-08 21:26:58,935 [INFO] Successfully synchronized 1111: 2025 Polkadot Motorsports Program w/ Global Ambassador - Conor Daly
2024-09-08 21:27:01,438 [INFO] Synchronizing 1110: Connecting the DOTS: Training the Next Generation of Blockchain Security Experts
2024-09-08 21:27:23,867 [INFO] Successfully synchronized 1110: Connecting the DOTS: Training the Next Generation of Blockchain Security Experts
2024-09-08 21:27:26,369 [INFO] Synchronizing 1109: Polkadot AI Navigator: Enhancing User Experience with an Intelligent Ecosystem Assista...
2024-09-08 21:27:45,362 [INFO] Successfully synchronized 1109: Polkadot AI Navigator: Enhancing User Experience with an Intelligent Ecosystem Assista...
2024-09-08 21:27:47,865 [INFO] Synchronizing 1108: Wrong Call Data Please Vote NAY
2024-09-08 21:28:07,228 [INFO] Checking if preimage has been stored on-chain
2024-09-08 21:28:07,233 [INFO] Initializing SubstrateAPI
2024-09-08 21:28:12,761 [WARNING] Preimage is still missing
2024-09-08 21:28:12,762 [INFO] Successfully synchronized 1108: Wrong Call Data Please Vote NAY
2024-09-08 21:28:15,265 [INFO] Synchronizing 1106: CoinGecko - Polkadot Campaign
2024-09-08 21:28:33,799 [INFO] Successfully synchronized 1106: CoinGecko - Polkadot Campaign
2024-09-08 21:28:36,302 [INFO] Synchronizing 1104: Convert Part of DOT Assets to Stablecoins
2024-09-08 21:28:55,169 [INFO] Successfully synchronized 1104: Convert Part of DOT Assets to Stablecoins
2024-09-08 21:28:57,672 [INFO] Synchronizing 1103: Polkadot-API: Aug 2024 - Jan 2025 development financing
2024-09-08 21:29:15,493 [INFO] Successfully synchronized 1103: Polkadot-API: Aug 2024 - Jan 2025 development financing
2024-09-08 21:29:17,996 [INFO] Synchronizing 1102: Kheopswap retroactive funding
2024-09-08 21:29:37,053 [INFO] Successfully synchronized 1102: Kheopswap retroactive funding
2024-09-08 21:29:39,556 [INFO] Synchronizing 1098: Bounty Cleanup
2024-09-08 21:29:58,540 [INFO] Successfully synchronized 1098: Bounty Cleanup
2024-09-08 21:30:01,043 [INFO] Synchronizing 1096: IN IT FOR THE TECH{NO} - Polkadot Opening Party @Token2049, SIngapore
2024-09-08 21:30:21,654 [INFO] Successfully synchronized 1096: IN IT FOR THE TECH{NO} - Polkadot Opening Party @Token2049, SIngapore
2024-09-08 21:30:24,157 [INFO] Synchronizing 1094: From Pitch to Market: Enhancing Founder Success with PolkaBiz
2024-09-08 21:30:43,711 [INFO] Successfully synchronized 1094: From Pitch to Market: Enhancing Founder Success with PolkaBiz
2024-09-08 21:30:46,214 [INFO] Synchronizing 1092: POLKADOT CHARITY FOUNDATION - Establishment & Inaugural Initiative Launch
2024-09-08 21:31:05,028 [INFO] Successfully synchronized 1092: POLKADOT CHARITY FOUNDATION - Establishment & Inaugural Initiative Launch
2024-09-08 21:31:07,529 [INFO] Synchronizing 1090: B2B Marketing & Sales Enablement For The Polkadot Ecosystem
2024-09-08 21:31:26,620 [INFO] Successfully synchronized 1090: B2B Marketing & Sales Enablement For The Polkadot Ecosystem
2024-09-08 21:31:29,123 [INFO] Synchronizing 1089: Resubmission of ref#975 Retroactive Funding Proposal: Completed Remarker Development a...
2024-09-08 21:31:48,284 [INFO] Successfully synchronized 1089: Resubmission of ref#975 Retroactive Funding Proposal: Completed Remarker Development a...
2024-09-08 21:31:50,787 [INFO] Synchronizing 1087: Vote NAY
2024-09-08 21:32:09,716 [INFO] Successfully synchronized 1087: Vote NAY
2024-09-08 21:32:12,219 [INFO] Synchronizing 1086: Polkadot Advertising Campaign on Brave Browser - Top-Up Request - PLEASE SEE COMMENT 9...
2024-09-08 21:32:31,466 [INFO] Successfully synchronized 1086: Polkadot Advertising Campaign on Brave Browser - Top-Up Request - PLEASE SEE COMMENT 9...
2024-09-08 21:32:33,969 [INFO] Synchronizing 1085: The Modern Market Show Headline Sponsorship - 6 Months
2024-09-08 21:32:53,609 [INFO] Embedded call data not found, checking if preimage has been stored on-chain
2024-09-08 21:32:53,615 [INFO] Initializing SubstrateAPI
2024-09-08 21:32:59,626 [INFO] Embedded call data has now been added
2024-09-08 21:32:59,627 [INFO] Successfully synchronized 1085: The Modern Market Show Headline Sponsorship - 6 Months
2024-09-08 21:33:02,129 [INFO] Synchronizing 1083: [Medium Spender] Open-source KYT on Dot #1083
2024-09-08 21:33:21,238 [INFO] Successfully synchronized 1083: [Medium Spender] Open-source KYT on Dot #1083
2024-09-08 21:33:23,739 [INFO] Synchronizing 1074: Changes to PAL Security Bounty
2024-09-08 21:33:46,129 [INFO] Successfully synchronized 1074: Changes to PAL Security Bounty
2024-09-08 21:33:48,632 [INFO] synchronization complete
